{
  "output": "/home/park-ubuntu/park/SOLUTION/Mobile-SLAM/build/audit-browser/tum-fresh-600/browser-baseline.json",
  "browser": "144.0.7559.96",
  "synthetic": {
    "crossOriginIsolated": true,
    "secureContext": true,
    "parameterResults": {
      "setMobileParams": true,
      "setFThreshold": true,
      "setTrackingParams": true,
      "setPnPParams": true
    },
    "loadMs": 71.40499997138977,
    "configured": true,
    "mainThreadTicks": 37,
    "invalidImageStatus": 3,
    "frameGapStatus": 1,
    "mapPointCount": 0,
    "classicWorkerBuild": {
      "loaded": false,
      "error": "VIOWasmFactory is not a function"
    },
    "roundTripMs": {
      "p50": 2.564999997615814,
      "p95": 3.259999990463257,
      "p99": 12.495000004768372,
      "max": 12.495000004768372
    },
    "initializedFrames": 0,
    "poseFrames": 0,
    "coverage": {
      "load": true,
      "configure": true,
      "parameterMethods": true,
      "completeFrames": true,
      "initializedTracking": false,
      "finitePoseOutputs": false
    }
  },
  "pages": [
    {
      "pathname": "/",
      "ready": true,
      "status": "WASM loaded. Ready to start."
    },
    {
      "pathname": "/test-tumvi.html",
      "ready": true,
      "status": "WASM loaded. Click Start to begin.",
      "afterStart": "Processing...",
      "replaySettings": {
        "configure": {
          "args": [
            {
              "width": 512,
              "height": 512,
              "fx": 190.97847715128717,
              "fy": 190.9733070521226,
              "cx": 254.93170605935475,
              "cy": 256.8974428996504,
              "modelType": 0,
              "k2": 0.0034823894022493434,
              "k3": 0.0007150348452162257,
              "k4": -0.0020532361418706202,
              "k5": 0.00020293673591811182,
              "r_ic": [
                -0.9995250378696743,
                0.0075019185074052044,
                -0.02989013031643309,
                0.029615343885863205,
                -0.03439736061393144,
                -0.998969345370175,
                -0.008522328211654736,
                -0.9993800792498829,
                0.03415885127385616
              ],
              "t_ic": [
                0.0451759,
                0.0725159,
                -0.0439599
              ],
              "acc_n": 0.04,
              "acc_w": 0.0004,
              "gyr_n": 0.004,
              "gyr_w": 0.00002,
              "g_norm": 9.81007
            }
          ],
          "success": true
        },
        "setMobileParams": {
          "args": [
            0.1,
            10,
            150
          ],
          "success": true
        },
        "setTrackingParams": {
          "args": [
            21,
            3,
            20,
            0
          ],
          "success": true
        }
      },
      "replaySummary": {
        "count": 601,
        "initializedFrames": 556,
        "poseFrames": 556,
        "firstPoseFrame": 45,
        "nonfinitePoses": 0,
        "statusCounts": {
          "1": 45,
          "2": 556
        },
        "roundTripMs": {
          "p50": 21.789999961853027,
          "p95": 28.75,
          "p99": 40.110000014305115,
          "max": 96.60500001907349
        },
        "datasetDurationS": 30.001023054122925,
        "wallDurationS": 19.6422349999547,
        "limits": "Submitted-frame roundtrip only; excludes image decode, camera capture latency, playback wait, and physical sensor clocks. Max-speed serial replay is not live pacing."
      }
    }
  ]
}
