{
  "assessment": "metrics_only_not_production_acceptance",
  "alignment": "SE3_scale_fixed_1",
  "estimated_poses": 555,
  "expected_frames": 600,
  "pose_coverage": 0.925,
  "associated_poses": 555,
  "association_coverage": 1.0,
  "association_max_dt_s": 0.01,
  "association_dt_s": {
    "rmse": 0.002211615565673834,
    "median": 0.002165079116821289,
    "p95": 0.002846026420593262,
    "max": 0.0034999847412109375
  },
  "alignment_position_rank": 3,
  "ate_translation_m": {
    "rmse": 0.24243001363977812,
    "median": 0.20960166048880785,
    "p95": 0.4137927041770592,
    "max": 0.4353034161995359
  },
  "alignment_covariance_rank": 3,
  "orientation_alignment": "observable_from_positions",
  "ape_rotation_deg": {
    "rmse": 7.586674720548004,
    "median": 7.287956373828787,
    "p95": 9.033046717093223,
    "max": 10.452975787634045
  },
  "rpe": {
    "delta_s": 1.0,
    "tolerance_s": 0.05,
    "pairs": 536,
    "translation_m": {
      "rmse": 0.07583604113317706,
      "median": 0.05215941601396344,
      "p95": 0.14991731779612036,
      "max": 0.2325016939401688
    },
    "rotation_deg": {
      "rmse": 0.8923512809768598,
      "median": 0.48316917655606245,
      "p95": 2.014926693446181,
      "max": 3.8106009589863175
    }
  },
  "diagnostic_sim3_only": {
    "fitted_scale": 0.950167115950403,
    "ate_rmse_m": 0.24055081641723125
  },
  "inputs": {
    "estimate": "/home/park-ubuntu/park/SOLUTION/Mobile-SLAM/build/audit-baseline/native-replay/room1-bracket-600/trajectory-camera.txt",
    "ground_truth": "/home/park-ubuntu/park/SOLUTION/Mobile-SLAM/assets/datasets/tum/dataset-room1_512_16/mav0/mocap0/data.csv",
    "estimate_frame": "camera",
    "gt_format": "euroc"
  }
}
