{
  "observed_at_utc": "2026-10-06T07:32:00.513914+00:00",
  "head": "b2826c037a50036d286329b1a56daa1a75ba57a3",
  "source_file_count": 85,
  "manifest_sha256": "d4eaa2b25142c68f051360dc0374f92a6fd6af4eef3bf12c82dc9202128511a5",
  "files": [
    [
      "CMakeLists.txt",
      "46aca65b65a6767c9e7f3ebd9e4f9bffae006ed55ce2596332419f1ce6007891"
    ],
    [
      "include/backend/estimator.h",
      "16908da8f44531c16e9f549572b021b58ed7ce3c98077c86ccab5806388df8b5"
    ],
    [
      "include/backend/factor/imu_factor.h",
      "bed1d94094cd49f30bc37b4163f57fdda2f243096e68da44963315533023b30c"
    ],
    [
      "include/backend/factor/imu_factor_pnp.h",
      "03e16909b49cd454da9dae39ee5ea560a0bfac35aaa583229da69c179467201b"
    ],
    [
      "include/backend/factor/integration_base.h",
      "267122a67d4544df131963f02291b29a6112edba49e07884e65a4acabd9c5c06"
    ],
    [
      "include/backend/factor/marginalization_factor.h",
      "875c0c61bb6c5351dad01cf498925788f6b4596cad19e21d11fc9248d62ed5e7"
    ],
    [
      "include/backend/factor/perspective_factor.h",
      "70772e5679ea922e64ad9669069d2aac9f4d94d0c6e6683b90e898dfb6347c4e"
    ],
    [
      "include/backend/factor/pose_local_parameterization.h",
      "18c75732fe6ee6080dbbe94df188bd59463ee15a5b8b5210d0bcb84ba99b0020"
    ],
    [
      "include/backend/factor/projection_factor.h",
      "817ddf6c740bcc77be59c40a3aa6dbc25bfe710526efad1c014f516cf7e566a1"
    ],
    [
      "include/backend/optimizer.h",
      "7a5fba0531a820783b6c050413b81e48daed81171a9c940b804c40d97c31c393"
    ],
    [
      "include/backend/sliding_window.h",
      "b63eedcbaec74a32577bd22166e496dcc2e1c95971042a7503af8b15e06e2f68"
    ],
    [
      "include/common/camera_models/Camera.h",
      "4ff2811908b3ed2f6f5c284c01fe3196b18abe03207ff894d5828edba0e11722"
    ],
    [
      "include/common/camera_models/CameraFactory.h",
      "d156247a32dbab6815c2fd554743e8267c2125f9673bd62468d608e55039755f"
    ],
    [
      "include/common/camera_models/CataCamera.h",
      "a276dccde83081f837305678dc999ad90c51d72ac55dc09ca9f07f52e937b0fb"
    ],
    [
      "include/common/camera_models/CostFunctionFactory.h",
      "9b65e9bc732b8b6ca8c2d3a309c3bb0b4d38e99643f4d3f6445b83f006c9f087"
    ],
    [
      "include/common/camera_models/EquidistantCamera.h",
      "d6a394ff1caaf246018f460dbd96e75c7c5784f368d379bb1b9a61f173ff5328"
    ],
    [
      "include/common/camera_models/PinholeCamera.h",
      "d908e0af4ce645f970347147de87aa60f17270bec9cb4c2cb8bfe21b64194efb"
    ],
    [
      "include/common/camera_models/ScaramuzzaCamera.h",
      "7b1dece1f0bef6150f8c2ae2b70d40b63eb48e6378b5cb33ed38ee4e2ec818c1"
    ],
    [
      "include/common/common_types.h",
      "da4dc90a27029cc5362a85236e8b8e1e47b95390972a74ce73589cad1d809914"
    ],
    [
      "include/common/frame.h",
      "f45725c282e45b8ac480f4a956c0982bf88e28cf1b531ab76464c64f70cb081b"
    ],
    [
      "include/common/gpl/EigenQuaternionParameterization.h",
      "d1ea7a12b562c089e0d39145b85cc9d1b8580fc600df91cb3a9e742091092f48"
    ],
    [
      "include/common/gpl/EigenUtils.h",
      "1608572e82493ca83152ce111a1fc49341de37407085a158a04a3390ca195d92"
    ],
    [
      "include/common/gpl/gpl.h",
      "bb9113b0ebfc3ff67212abb50adf11528d1e3d795e07657d7e9847de6eb71812"
    ],
    [
      "include/common/image_frame.h",
      "e79c7dbf5ff4be93ebb1e527f1123275519cca8e21e70857558bacb2fdd49c5e"
    ],
    [
      "include/config/config_manager.h",
      "ad62e66a490cf056883d08505f3260e6fc0f378da7bd264063a1095f37da136f"
    ],
    [
      "include/frontend/failure_detector.h",
      "78c50941e82582452b8a4b2552be52fa2b0e6c89a0aaee7d13e06b6c55d56770"
    ],
    [
      "include/frontend/feature_manager.h",
      "187a0ce851efc003ae5dff464cf6bd01654bbc8b525a2f64fbd9d60e5332dd3c"
    ],
    [
      "include/frontend/feature_tracker.h",
      "46737e50734b1400dc096c659142335a1d18fd03d1200e3e5b91fbea532102b1"
    ],
    [
      "include/frontend/initialization/initial_alignment.h",
      "dd5ddc883b9ff202c3815d5d5f32101583b63fe421fb8b7a71a7e278ca138dee"
    ],
    [
      "include/frontend/initialization/initial_sfm.h",
      "ef3e32d9b14e34a22f6b9cb156a13d14f255483c9ab96945f22505915f224fef"
    ],
    [
      "include/frontend/initialization/initializer.h",
      "17cdca7b4ae9cc98a46b447ce15318e0b81333b1c8764fa00e72dee9dd7cea05"
    ],
    [
      "include/frontend/initialization/solve_5pts.h",
      "d94e4195ca24758b450cada8f415c5e16ff607840dca2c736ece4157cb384bca"
    ],
    [
      "include/frontend/pnp_frontend.h",
      "8e4682f7130a56c7acb87343aa8580ad5d9764f48850d787effd472eb45e7b9c"
    ],
    [
      "include/utility/config.h",
      "284ce68dcd6cafc1e968241fa79757143202be9155ddd1ce8d5c659a4a967a8c"
    ],
    [
      "include/utility/imu_graph_visualizer.h",
      "3c52f7844f61978f1650ea00f971928ea9a195829c463ce12fcb6b49c13d3ae5"
    ],
    [
      "include/utility/logging.h",
      "8c6bb42cc4e68a184549ef0054f4aa68ec2e06045c33f32f2db2e0354eeef7e8"
    ],
    [
      "include/utility/measurement_processor.h",
      "8fef02fa0d6049920b7b913eac66a2b8e7a87ced46b173d40b322f3eb31a3832"
    ],
    [
      "include/utility/test_result_logger.h",
      "81dda1d1fd83298fefcce12b247b9229f57cc08ef705084e673d49b13f95143e"
    ],
    [
      "include/utility/trajectory_evaluator.h",
      "f7b5b47db3460d6a78c3e48cbea6e61b7b71e6305774db6de9826cd19e9c1479"
    ],
    [
      "include/utility/utility.h",
      "da35ccd7de1bb502bfa760980fdbde29d673910135a9b42c2db0fa5163d16c14"
    ],
    [
      "include/utility/visualizer.h",
      "17a5bf0b0da411e1e8d89f2be9371acedb7a18c42c19621c9f8092ba52903631"
    ],
    [
      "include/vio_engine.h",
      "e8533b0db104ca3d7d8af83a8afad7c68b87e92c028bd8708a49ffb6ea1a2101"
    ],
    [
      "include/vio_system.h",
      "7b2a9c9fc2a6aaa59aac786e9fa5f2d6b0563a0afcf24420d9c0e1c672c05a6f"
    ],
    [
      "src/backend/estimator.cpp",
      "2d8816420f135f2a0aee842e2faa079601e77f0e85511ee6b328d1e95eccc210"
    ],
    [
      "src/backend/factor/marginalization_factor.cpp",
      "2792d394fc991a01f5197348788c906535e28c71243c18c2a92f4a6923ca8406"
    ],
    [
      "src/backend/factor/perspective_factor.cpp",
      "b399d1076a48c308c3b4dd0f7770f74b11ba1b2bd98d6ce653b396789cce3734"
    ],
    [
      "src/backend/factor/pose_local_parameterization.cpp",
      "cc86b0781f8abfa86c047e7eaca1a23965bf1a273b0e7cab2d025a32e89a344b"
    ],
    [
      "src/backend/factor/projection_factor.cpp",
      "e40f2d10cec431a474a1b6a8897fa3847ce0f42d04104d06059665964616c45f"
    ],
    [
      "src/backend/optimizer.cpp",
      "320f5b6446a955cc9bc7f60ce9dd98964917738067a90d58b92156a9f68ce2d7"
    ],
    [
      "src/backend/sliding_window.cpp",
      "0448a495f6e97f9f50fbcaf6bd12ec4645fc29c35dbe08cb93a62bdbe4fddc2f"
    ],
    [
      "src/common/camera_models/Camera.cc",
      "473f7b8ba35a85c07b1983b7af7ce6b1d07e82173f07f29324fa19c130b7b26c"
    ],
    [
      "src/common/camera_models/CameraFactory.cc",
      "a13491fa1f21ca90db102aee22d2e6cab0ab6e761642353be0bc74de30f91e89"
    ],
    [
      "src/common/camera_models/CataCamera.cc",
      "d838039e6f850430215de027c10a45619261e3acd250e5427210cadf60118c25"
    ],
    [
      "src/common/camera_models/CostFunctionFactory.cc",
      "ad5737ae857d6a07be840f253f256b765933c7ee8685635ac0f7ceb99fbe3cb8"
    ],
    [
      "src/common/camera_models/EquidistantCamera.cc",
      "c2ef3e43c2d50e35873230cef9771356fc6de1afbdc7c2f966cdf92e6306f580"
    ],
    [
      "src/common/camera_models/PinholeCamera.cc",
      "e4b0a0c5a164a604127227f36f83b5f30d40ba7dce7b83a4b9ebc982c448751f"
    ],
    [
      "src/common/camera_models/ScaramuzzaCamera.cc",
      "4bca08e8cf2cfd125489f1399bc3067d321e09cc2f4e4cc6a1bf382268979128"
    ],
    [
      "src/common/frame.cpp",
      "45ea50cb2b24f5c4e98110f694b0d7dff2694aca539a2503b23ab30c0214b833"
    ],
    [
      "src/common/gpl/EigenQuaternionParameterization.cc",
      "885354e09aa13c5c2a164cdefb8bc448ac17d68ba6138311fe655db10b637980"
    ],
    [
      "src/common/gpl/gpl.cc",
      "da0a326c040abeb6372b5916b874be807a4344afa15ac5b5cb31b92e8c382e0e"
    ],
    [
      "src/config/config_manager.cpp",
      "90455095d2fea53aca6d8c6862c0903c9453b3be371420566f0412fb52537ca2"
    ],
    [
      "src/frontend/failure_detector.cpp",
      "65f6032aad523b0d5afd507a242ad871dca95070de957b2b0b1ab71d147e0bf9"
    ],
    [
      "src/frontend/feature_manager.cpp",
      "38546585a08c3a87658cf82cf0e2a37da0efd0f4c91eb55d880f6fd042333318"
    ],
    [
      "src/frontend/feature_tracker.cpp",
      "e151b76eb9dff85d977bafcf173344d95b77dfcfd1414b6ab16e9f103d0344d2"
    ],
    [
      "src/frontend/initialization/initial_alignment.cpp",
      "f2941ada7ab49bafbc80788a41fd32cacac2b6c656e37a62a0f94c982a4de0ce"
    ],
    [
      "src/frontend/initialization/initial_sfm.cpp",
      "cd1246dc1223b2a97b6debd97963865ed4a0eefcb3bb8e3822a5bf73eb34e23f"
    ],
    [
      "src/frontend/initialization/initializer.cpp",
      "f9675ac22c491127b5db5ae2d7c63cba0d9729d65befee0c272ad2fbc8c9b983"
    ],
    [
      "src/frontend/initialization/solve_5pts.cpp",
      "98d74f1639b5d417250ac3bade94457d7163b042fe142eb3c867db21549ffa4e"
    ],
    [
      "src/frontend/pnp_frontend.cpp",
      "1398d01763658b0bf3f8caf0b8cbf91d6810307dab07b02dbe2f003a96e9303a"
    ],
    [
      "src/tiny_vins_mono.cpp",
      "0c27de3f17796012aab5b6e0f221c9867c482d99d884448d6fd4d4e33843ec8a"
    ],
    [
      "src/utility/config.cpp",
      "a1e91346847b44d8d51ca68561f1e07110137b0df3807111b98e7717e19102f5"
    ],
    [
      "src/utility/imu_graph_visualizer.cpp",
      "0c31068a0db07ee6cc84392e0afd3488dd017b4059ba1e49d4c07e28bd1eaea0"
    ],
    [
      "src/utility/measurement_processor.cpp",
      "792e89fbe502e1e201d55922fab3b5015e3a562d9417a8fd8dc5733bfb4b7fba"
    ],
    [
      "src/utility/test_result_logger.cpp",
      "3169df1fea20417cf7f03565ae58fc7c5bb893b9e79d9fc51fca0afa599bcaff"
    ],
    [
      "src/utility/trajectory_evaluator.cpp",
      "17e7f902300544701a3f47868150ee5a78841a8468676d7e7ef05023d2d9a914"
    ],
    [
      "src/utility/utility.cpp",
      "945a46fe5e34544ac56bf5bd6acd167c8f5982563ec73cf33621a3f9dc14c622"
    ],
    [
      "src/utility/visualizer.cpp",
      "cff0973109007c166791faae394577cf15d53ac126398579e415bf895a4d2137"
    ],
    [
      "src/vio_engine.cpp",
      "fa85b268d7731fc82232ae70752317545ca3c64fc4b70d18208f8e5b1dcd2cef"
    ],
    [
      "src/vio_system.cpp",
      "453e7e699e3a7cc1aaedf966080e57097b094009d9a4105a32b57b53ea405fb4"
    ],
    [
      "tests/test_config_validation.cpp",
      "caa2ecc1cbc3bcb66d005a661e9f75f0639038c07ace3625bad96acf4f8c7add"
    ],
    [
      "tests/test_integration_base.cpp",
      "97c86244764ee3e71440b03c4369c018bd3d8245753c3ddbec3cb6f3b7b2fd04"
    ],
    [
      "tests/test_measurement_robustness.cpp",
      "5dbb2878c324266cc3d3c98810f7e4ffab6a7fbd7184837283b6eaf7679c6827"
    ],
    [
      "tests/test_sliding_window.cpp",
      "9c90d9f3e33503ff3733c3356c4d0c4c7fd307c86c7cd41530172a0b59c3c6b5"
    ],
    [
      "tests/test_trajectory_evaluator.cpp",
      "07f865b55a265ce697d3dd7a48bd58ce2ebaefaf2ef3d5064c6fdb733803925a"
    ],
    [
      "tests/test_vio_engine_parity.cpp",
      "33faccbccb4760dbcb1879a39a65f060b507c86c94ef0638d876b4d77a2faba5"
    ]
  ]
}
