Preset CMake variables:

  CMAKE_BUILD_TYPE="Release"
  CMAKE_EXPORT_COMPILE_COMMANDS:BOOL="TRUE"

-- ccache not found, builds will not be cached
-- Detected Ceres version: 2.2.0 from /home/park-ubuntu/park/SOLUTION/Mobile-SLAM/build/_deps/ceres-solver-src/include/ceres/version.h
-- Found Eigen version 3.4.0: /usr/share/eigen3/cmake
-- Enabling use of Eigen as a sparse linear algebra library.
-- Found CUDA version 12.8.93 installed in: /usr/local/cuda-12.8
-- Setting CUDA Architecture to 50;60;70;80
-- Building without LAPACK.
-- Building without SuiteSparse.
-- Building without Eigen METIS support.
-- Building without Apple's Accelerate sparse support.
-- Use of gflags disabled - no tests or tools will be built!
-- Compiling minimal glog substitute into Ceres.
-- Using minimal glog substitute (include): internal/ceres/miniglog
-- Max log level for minimal glog substitute: 2
-- Disabling Schur specializations (faster compiles)
-- Building Ceres as a static library.
-- Enabling CERES_USE_EIGEN_SPARSE in Ceres config.h
-- Enabling CERES_NO_LAPACK in Ceres config.h
-- Enabling CERES_NO_SUITESPARSE in Ceres config.h
-- Enabling CERES_NO_ACCELERATE_SPARSE in Ceres config.h
-- Enabling CERES_RESTRICT_SCHUR_SPECIALIZATION in Ceres config.h
-- Enabling CERES_NO_CHOLMOD_PARTITION in Ceres config.h
-- Enabling CERES_NO_EIGEN_METIS in Ceres config.h
-- Do not build any example.
-- Ceres: 2.2.0 (FetchContent)
-- GoogleTest: 1.14.0 (FetchContent)
-- Configuring done
-- Generating done
-- Build files have been written to: /home/park-ubuntu/park/SOLUTION/Mobile-SLAM/build/dev-native
[1/183] Building CXX object CMakeFiles/feature_tracker.dir/src/frontend/feature_tracker.cpp.o
[2/183] Building CXX object CMakeFiles/utility.dir/src/utility/utility.cpp.o
[3/183] Building CXX object CMakeFiles/utility.dir/src/utility/config.cpp.o
[4/183] Linking CXX static library libutility.a
[5/183] Building CXX object CMakeFiles/pose_local_parameterization.dir/src/backend/factor/pose_local_parameterization.cpp.o
[6/183] Building CXX object CMakeFiles/projection_factor.dir/src/backend/factor/projection_factor.cpp.o
[7/183] Building CXX object CMakeFiles/perspective_factor.dir/src/backend/factor/perspective_factor.cpp.o
[8/183] Building CXX object CMakeFiles/marginalization_factor.dir/src/backend/factor/marginalization_factor.cpp.o
[9/183] Building CXX object CMakeFiles/optimizer.dir/src/backend/optimizer.cpp.o
[10/183] Building CXX object CMakeFiles/pnp_frontend.dir/src/frontend/pnp_frontend.cpp.o
[11/183] Building CXX object CMakeFiles/failure_detector.dir/src/frontend/failure_detector.cpp.o
[12/183] Building CXX object CMakeFiles/initializer.dir/src/frontend/initialization/initializer.cpp.o
[13/183] Building CXX object CMakeFiles/initializer.dir/src/frontend/initialization/initial_sfm.cpp.o
[14/183] Building CXX object CMakeFiles/initializer.dir/src/frontend/initialization/solve_5pts.cpp.o
[15/183] Building CXX object CMakeFiles/gpl.dir/src/common/gpl/gpl.cc.o
[16/183] Building CXX object CMakeFiles/initializer.dir/src/frontend/initialization/initial_alignment.cpp.o
[17/183] Building CXX object CMakeFiles/gpl.dir/src/common/gpl/EigenQuaternionParameterization.cc.o
[18/183] Building CXX object CMakeFiles/camera_models.dir/src/common/camera_models/CameraFactory.cc.o
[19/183] Building CXX object CMakeFiles/camera_models.dir/src/common/camera_models/CataCamera.cc.o
[20/183] Building CXX object CMakeFiles/camera_models.dir/src/common/camera_models/PinholeCamera.cc.o
[21/183] Building CXX object CMakeFiles/camera_models.dir/src/common/camera_models/Camera.cc.o
[22/183] Building CXX object CMakeFiles/camera_models.dir/src/common/camera_models/ScaramuzzaCamera.cc.o
[23/183] Building CXX object CMakeFiles/camera_models.dir/src/common/camera_models/EquidistantCamera.cc.o
[24/183] Building CXX object _deps/ceres-solver-build/internal/ceres/CMakeFiles/ceres_internal.dir/array_utils.cc.o
[25/183] Building CXX object CMakeFiles/estimator.dir/src/backend/estimator.cpp.o
[26/183] Building CXX object CMakeFiles/estimator.dir/src/common/frame.cpp.o
[27/183] Building CXX object CMakeFiles/camera_models.dir/src/common/camera_models/CostFunctionFactory.cc.o
[28/183] Building CXX object CMakeFiles/estimator.dir/src/frontend/feature_manager.cpp.o
[29/183] Building CXX object CMakeFiles/estimator.dir/src/backend/sliding_window.cpp.o
[30/183] Building CXX object CMakeFiles/config_manager.dir/src/config/config_manager.cpp.o
[31/183] Linking CXX static library libconfig_manager.a
[32/183] Building CXX object CMakeFiles/trajectory_evaluator.dir/src/utility/trajectory_evaluator.cpp.o
[33/183] Linking CXX static library libtrajectory_evaluator.a
[34/183] Building CXX object CMakeFiles/vio_engine.dir/src/vio_engine.cpp.o
[35/183] Building CXX object CMakeFiles/test_sliding_window.dir/tests/test_sliding_window.cpp.o
[36/183] Building CXX object CMakeFiles/test_integration_base.dir/tests/test_integration_base.cpp.o
[37/183] Building CXX object CMakeFiles/test_config_validation.dir/tests/test_config_validation.cpp.o
[38/183] Building CXX object CMakeFiles/test_trajectory_evaluator.dir/tests/test_trajectory_evaluator.cpp.o
/home/park-ubuntu/park/SOLUTION/Mobile-SLAM/tests/test_trajectory_evaluator.cpp: In member function ‘virtual void TrajectoryEvaluatorTest::TearDown()’:
/home/park-ubuntu/park/SOLUTION/Mobile-SLAM/tests/test_trajectory_evaluator.cpp:17:15: warning: ignoring return value of ‘int system(const char*)’ declared with attribute ‘warn_unused_result’ [-Wunused-result]
   17 |         system(("rm -rf " + test_dir_).c_str());
      |         ~~~~~~^~~~~~~~~~~~~~~~~~~~~~~~~~~~~~~~~
/home/park-ubuntu/park/SOLUTION/Mobile-SLAM/tests/test_trajectory_evaluator.cpp: In member function ‘virtual void TrajectoryEvaluatorTest::SetUp()’:
/home/park-ubuntu/park/SOLUTION/Mobile-SLAM/tests/test_trajectory_evaluator.cpp:13:15: warning: ignoring return value of ‘int system(const char*)’ declared with attribute ‘warn_unused_result’ [-Wunused-result]
   13 |         system(("mkdir -p " + test_dir_).c_str());
      |         ~~~~~~^~~~~~~~~~~~~~~~~~~~~~~~~~~~~~~~~~~
[39/183] Building CXX object CMakeFiles/test_measurement_robustness.dir/tests/test_measurement_robustness.cpp.o
/home/park-ubuntu/park/SOLUTION/Mobile-SLAM/tests/test_measurement_robustness.cpp: In member function ‘virtual void MeasurementRobustnessTest::TearDown()’:
/home/park-ubuntu/park/SOLUTION/Mobile-SLAM/tests/test_measurement_robustness.cpp:14:15: warning: ignoring return value of ‘int system(const char*)’ declared with attribute ‘warn_unused_result’ [-Wunused-result]
   14 |         system(("rm -rf " + test_dir_).c_str());
      |         ~~~~~~^~~~~~~~~~~~~~~~~~~~~~~~~~~~~~~~~
/home/park-ubuntu/park/SOLUTION/Mobile-SLAM/tests/test_measurement_robustness.cpp: In member function ‘virtual void MeasurementRobustnessTest::SetUp()’:
/home/park-ubuntu/park/SOLUTION/Mobile-SLAM/tests/test_measurement_robustness.cpp:10:15: warning: ignoring return value of ‘int system(const char*)’ declared with attribute ‘warn_unused_result’ [-Wunused-result]
   10 |         system(("mkdir -p " + test_dir_).c_str());
      |         ~~~~~~^~~~~~~~~~~~~~~~~~~~~~~~~~~~~~~~~~~
[40/183] Building CXX object CMakeFiles/test_measurement_robustness.dir/src/utility/measurement_processor.cpp.o
[41/183] Building CXX object CMakeFiles/test_vio_engine_parity.dir/tests/test_vio_engine_parity.cpp.o
[42/183] Building CXX object CMakeFiles/test_vio_engine_parity.dir/src/utility/measurement_processor.cpp.o
[43/183] Building CUDA object _deps/ceres-solver-build/internal/ceres/CMakeFiles/ceres_cuda_kernels.dir/cuda_kernels_vector_ops.cu.cc.o
nvcc warning : Support for offline compilation for architectures prior to '<compute/sm/lto>_75' will be removed in a future release (Use -Wno-deprecated-gpu-targets to suppress warning).
[44/183] Building CXX object _deps/ceres-solver-build/internal/ceres/CMakeFiles/ceres_internal.dir/generated/partitioned_matrix_view_d_d_d.cc.o
[45/183] Building CUDA object _deps/ceres-solver-build/internal/ceres/CMakeFiles/ceres_cuda_kernels.dir/cuda_kernels_bsm_to_crs.cu.cc.o
nvcc warning : Support for offline compilation for architectures prior to '<compute/sm/lto>_75' will be removed in a future release (Use -Wno-deprecated-gpu-targets to suppress warning).
[46/183] Linking CUDA static library _deps/ceres-solver-build/lib/libceres_cuda_kernels.a
[47/183] Building CXX object _deps/ceres-solver-build/internal/ceres/CMakeFiles/ceres_internal.dir/accelerate_sparse.cc.o
[48/183] Building CXX object _deps/ceres-solver-build/internal/ceres/CMakeFiles/ceres_internal.dir/block_evaluate_preparer.cc.o
[49/183] Building CXX object _deps/ceres-solver-build/internal/ceres/CMakeFiles/ceres_internal.dir/generated/schur_eliminator_d_d_d.cc.o
[50/183] Building CXX object _deps/ceres-solver-build/internal/ceres/CMakeFiles/ceres_internal.dir/block_jacobian_writer.cc.o
[51/183] Building CXX object _deps/ceres-solver-build/internal/ceres/CMakeFiles/ceres_internal.dir/block_random_access_dense_matrix.cc.o
[52/183] Building CXX object _deps/ceres-solver-build/internal/ceres/CMakeFiles/ceres_internal.dir/block_jacobi_preconditioner.cc.o
[53/183] Building CXX object _deps/ceres-solver-build/internal/ceres/CMakeFiles/ceres_internal.dir/block_random_access_matrix.cc.o
[54/183] Building CXX object _deps/ceres-solver-build/internal/ceres/CMakeFiles/ceres_internal.dir/block_random_access_sparse_matrix.cc.o
[55/183] Building CXX object _deps/ceres-solver-build/internal/ceres/CMakeFiles/ceres_internal.dir/block_random_access_diagonal_matrix.cc.o
[56/183] Building CXX object _deps/ceres-solver-build/internal/ceres/CMakeFiles/ceres_internal.dir/block_structure.cc.o
[57/183] Building CXX object _deps/ceres-solver-build/internal/ceres/CMakeFiles/ceres_internal.dir/callbacks.cc.o
[58/183] Building CXX object _deps/ceres-solver-build/internal/ceres/CMakeFiles/ceres_internal.dir/canonical_views_clustering.cc.o
[59/183] Building CXX object _deps/ceres-solver-build/internal/ceres/CMakeFiles/ceres_internal.dir/block_sparse_matrix.cc.o
[60/183] Building CXX object _deps/ceres-solver-build/internal/ceres/CMakeFiles/ceres_internal.dir/compressed_col_sparse_matrix_utils.cc.o
[61/183] Building CXX object _deps/ceres-solver-build/internal/ceres/CMakeFiles/ceres_internal.dir/compressed_row_jacobian_writer.cc.o
[62/183] Building CXX object _deps/ceres-solver-build/internal/ceres/CMakeFiles/ceres_internal.dir/cgnr_solver.cc.o
[63/183] Building CXX object _deps/ceres-solver-build/internal/ceres/CMakeFiles/ceres_internal.dir/conditioned_cost_function.cc.o
[64/183] Building CXX object _deps/ceres-solver-build/internal/ceres/CMakeFiles/ceres_internal.dir/context.cc.o
[65/183] Building CXX object _deps/ceres-solver-build/internal/ceres/CMakeFiles/ceres_internal.dir/compressed_row_sparse_matrix.cc.o
[66/183] Building CXX object _deps/ceres-solver-build/internal/ceres/CMakeFiles/ceres_internal.dir/context_impl.cc.o
[67/183] Building CXX object _deps/ceres-solver-build/internal/ceres/CMakeFiles/ceres_internal.dir/corrector.cc.o
[68/183] Building CXX object _deps/ceres-solver-build/internal/ceres/CMakeFiles/ceres_internal.dir/cost_function.cc.o
[69/183] Building CXX object _deps/ceres-solver-build/internal/ceres/CMakeFiles/ceres_internal.dir/covariance.cc.o
[70/183] Building CXX object _deps/ceres-solver-build/internal/ceres/CMakeFiles/ceres_internal.dir/coordinate_descent_minimizer.cc.o
[71/183] Building CXX object _deps/ceres-solver-build/internal/ceres/CMakeFiles/ceres_internal.dir/cuda_block_sparse_crs_view.cc.o
[72/183] Building CXX object _deps/ceres-solver-build/internal/ceres/CMakeFiles/ceres_internal.dir/cuda_partitioned_block_sparse_crs_view.cc.o
[73/183] Building CXX object _deps/ceres-solver-build/internal/ceres/CMakeFiles/ceres_internal.dir/cuda_block_structure.cc.o
[74/183] Building CXX object _deps/ceres-solver-build/internal/ceres/CMakeFiles/ceres_internal.dir/cuda_sparse_matrix.cc.o
[75/183] Building CXX object _deps/ceres-solver-build/internal/ceres/CMakeFiles/ceres_internal.dir/cuda_vector.cc.o
[76/183] Building CXX object _deps/ceres-solver-build/internal/ceres/CMakeFiles/ceres_internal.dir/dense_cholesky.cc.o
[77/183] Building CXX object _deps/ceres-solver-build/internal/ceres/CMakeFiles/ceres_internal.dir/dense_normal_cholesky_solver.cc.o
[78/183] Building CXX object _deps/ceres-solver-build/internal/ceres/CMakeFiles/ceres_internal.dir/dense_qr.cc.o
[79/183] Building CXX object _deps/ceres-solver-build/internal/ceres/CMakeFiles/ceres_internal.dir/dense_qr_solver.cc.o
[80/183] Building CXX object _deps/ceres-solver-build/internal/ceres/CMakeFiles/ceres_internal.dir/dense_sparse_matrix.cc.o
[81/183] Building CXX object _deps/ceres-solver-build/internal/ceres/CMakeFiles/ceres_internal.dir/detect_structure.cc.o
[82/183] Building CXX object _deps/ceres-solver-build/internal/ceres/CMakeFiles/ceres_internal.dir/covariance_impl.cc.o
[83/183] Building CXX object _deps/ceres-solver-build/internal/ceres/CMakeFiles/ceres_internal.dir/dynamic_compressed_row_jacobian_writer.cc.o
[84/183] Building CXX object _deps/ceres-solver-build/internal/ceres/CMakeFiles/ceres_internal.dir/dynamic_compressed_row_sparse_matrix.cc.o
[85/183] Building CXX object _deps/ceres-solver-build/internal/ceres/CMakeFiles/ceres_internal.dir/dogleg_strategy.cc.o
[86/183] Building CXX object _deps/ceres-solver-build/internal/ceres/CMakeFiles/ceres_internal.dir/dynamic_sparse_normal_cholesky_solver.cc.o
[87/183] Building CXX object _deps/ceres-solver-build/internal/ceres/CMakeFiles/ceres_internal.dir/evaluation_callback.cc.o
[88/183] Building CXX object _deps/ceres-solver-build/internal/ceres/CMakeFiles/ceres_internal.dir/eigensparse.cc.o
[89/183] Building CXX object _deps/ceres-solver-build/internal/ceres/CMakeFiles/ceres_internal.dir/evaluator.cc.o
[90/183] Building CXX object _deps/ceres-solver-build/internal/ceres/CMakeFiles/ceres_internal.dir/file.cc.o
[91/183] Building CXX object _deps/ceres-solver-build/internal/ceres/CMakeFiles/ceres_internal.dir/first_order_function.cc.o
[92/183] Building CXX object _deps/ceres-solver-build/internal/ceres/CMakeFiles/ceres_internal.dir/fake_bundle_adjustment_jacobian.cc.o
[93/183] Building CXX object _deps/ceres-solver-build/internal/ceres/CMakeFiles/ceres_internal.dir/function_sample.cc.o
[94/183] Building CXX object _deps/ceres-solver-build/internal/ceres/CMakeFiles/ceres_internal.dir/float_suitesparse.cc.o
[95/183] Building CXX object _deps/ceres-solver-build/internal/ceres/CMakeFiles/ceres_internal.dir/gradient_checking_cost_function.cc.o
[96/183] Building CXX object _deps/ceres-solver-build/internal/ceres/CMakeFiles/ceres_internal.dir/gradient_problem_solver.cc.o
[97/183] Building CXX object _deps/ceres-solver-build/internal/ceres/CMakeFiles/ceres_internal.dir/inner_product_computer.cc.o
[98/183] Building CXX object _deps/ceres-solver-build/internal/ceres/CMakeFiles/ceres_internal.dir/is_close.cc.o
[99/183] Building CXX object _deps/ceres-solver-build/internal/ceres/CMakeFiles/ceres_internal.dir/iteration_callback.cc.o
[100/183] Building CXX object _deps/ceres-solver-build/internal/ceres/CMakeFiles/ceres_internal.dir/implicit_schur_complement.cc.o
[101/183] Building CXX object _deps/ceres-solver-build/internal/ceres/CMakeFiles/ceres_internal.dir/iterative_refiner.cc.o
[102/183] Building CXX object _deps/ceres-solver-build/internal/ceres/CMakeFiles/ceres_internal.dir/levenberg_marquardt_strategy.cc.o
[103/183] Building CXX object _deps/ceres-solver-build/internal/ceres/CMakeFiles/ceres_internal.dir/iterative_schur_complement_solver.cc.o
[104/183] Building CXX object _deps/ceres-solver-build/internal/ceres/CMakeFiles/ceres_internal.dir/line_search.cc.o
[105/183] Building CXX object _deps/ceres-solver-build/internal/ceres/CMakeFiles/ceres_internal.dir/line_search_direction.cc.o
[106/183] Building CXX object _deps/ceres-solver-build/internal/ceres/CMakeFiles/ceres_internal.dir/line_search_minimizer.cc.o
[107/183] Building CXX object _deps/ceres-solver-build/internal/ceres/CMakeFiles/ceres_internal.dir/line_search_preprocessor.cc.o
[108/183] Building CXX object _deps/ceres-solver-build/internal/ceres/CMakeFiles/ceres_internal.dir/linear_operator.cc.o
[109/183] Building CXX object _deps/ceres-solver-build/internal/ceres/CMakeFiles/ceres_internal.dir/linear_least_squares_problems.cc.o
[110/183] Building CXX object _deps/ceres-solver-build/internal/ceres/CMakeFiles/ceres_internal.dir/low_rank_inverse_hessian.cc.o
[111/183] Building CXX object _deps/ceres-solver-build/internal/ceres/CMakeFiles/ceres_internal.dir/linear_solver.cc.o
[112/183] Building CXX object _deps/ceres-solver-build/internal/ceres/CMakeFiles/ceres_internal.dir/parallel_invoke.cc.o
[113/183] Building CXX object _deps/ceres-solver-build/internal/ceres/CMakeFiles/ceres_internal.dir/parallel_utils.cc.o
[114/183] Building CXX object _deps/ceres-solver-build/internal/ceres/CMakeFiles/ceres_internal.dir/minimizer.cc.o
[115/183] Building CXX object _deps/ceres-solver-build/internal/ceres/CMakeFiles/ceres_internal.dir/parallel_vector_ops.cc.o
[116/183] Building CXX object _deps/ceres-solver-build/internal/ceres/CMakeFiles/ceres_internal.dir/parameter_block_ordering.cc.o
[117/183] Building CXX object _deps/ceres-solver-build/internal/ceres/CMakeFiles/ceres_internal.dir/partitioned_matrix_view.cc.o
[118/183] Building CXX object _deps/ceres-solver-build/internal/ceres/CMakeFiles/ceres_internal.dir/power_series_expansion_preconditioner.cc.o
[119/183] Building CXX object _deps/ceres-solver-build/internal/ceres/CMakeFiles/ceres_internal.dir/preconditioner.cc.o
[120/183] Building CXX object _deps/ceres-solver-build/internal/ceres/CMakeFiles/ceres_internal.dir/preprocessor.cc.o
[121/183] Building CXX object _deps/ceres-solver-build/internal/ceres/CMakeFiles/ceres_internal.dir/polynomial.cc.o
[122/183] Building CXX object _deps/ceres-solver-build/internal/ceres/CMakeFiles/ceres_internal.dir/problem_impl.cc.o
[123/183] Building CXX object _deps/ceres-solver-build/internal/ceres/CMakeFiles/ceres_internal.dir/program.cc.o
[124/183] Building CXX object _deps/ceres-solver-build/internal/ceres/CMakeFiles/ceres_internal.dir/residual_block.cc.o
[125/183] Building CXX object _deps/ceres-solver-build/internal/ceres/CMakeFiles/ceres_internal.dir/residual_block_utils.cc.o
[126/183] Building CXX object _deps/ceres-solver-build/internal/ceres/CMakeFiles/ceres_internal.dir/reorder_program.cc.o
[127/183] Building CXX object _deps/ceres-solver-build/internal/ceres/CMakeFiles/ceres_internal.dir/schur_eliminator.cc.o
[128/183] Building CXX object _deps/ceres-solver-build/internal/ceres/CMakeFiles/ceres_internal.dir/schur_jacobi_preconditioner.cc.o
[129/183] Building CXX object _deps/ceres-solver-build/internal/ceres/CMakeFiles/ceres_internal.dir/schur_templates.cc.o
[130/183] Building CXX object _deps/ceres-solver-build/internal/ceres/CMakeFiles/ceres_internal.dir/scratch_evaluate_preparer.cc.o
[131/183] Building CXX object _deps/ceres-solver-build/internal/ceres/CMakeFiles/ceres_internal.dir/single_linkage_clustering.cc.o
[132/183] Building CXX object _deps/ceres-solver-build/internal/ceres/CMakeFiles/ceres_internal.dir/schur_complement_solver.cc.o
[133/183] Building CXX object _deps/ceres-solver-build/internal/ceres/CMakeFiles/ceres_internal.dir/solver_utils.cc.o
[134/183] Building CXX object _deps/ceres-solver-build/internal/ceres/CMakeFiles/ceres_internal.dir/sparse_matrix.cc.o
[135/183] Building CXX object _deps/ceres-solver-build/internal/ceres/CMakeFiles/ceres_internal.dir/sparse_cholesky.cc.o
[136/183] Building CXX object _deps/ceres-solver-build/internal/ceres/CMakeFiles/ceres_internal.dir/stringprintf.cc.o
[137/183] Building CXX object _deps/ceres-solver-build/internal/ceres/CMakeFiles/ceres_internal.dir/sparse_normal_cholesky_solver.cc.o
[138/183] Building CXX object _deps/ceres-solver-build/internal/ceres/CMakeFiles/ceres_internal.dir/suitesparse.cc.o
[139/183] Building CXX object _deps/ceres-solver-build/internal/ceres/CMakeFiles/ceres_internal.dir/subset_preconditioner.cc.o
[140/183] Building CXX object _deps/ceres-solver-build/internal/ceres/CMakeFiles/ceres_internal.dir/thread_pool.cc.o
[141/183] Building CXX object _deps/ceres-solver-build/internal/ceres/CMakeFiles/ceres_internal.dir/thread_token_provider.cc.o
[142/183] Building CXX object _deps/ceres-solver-build/internal/ceres/CMakeFiles/ceres_internal.dir/triplet_sparse_matrix.cc.o
[143/183] Building CXX object _deps/ceres-solver-build/internal/ceres/CMakeFiles/ceres_internal.dir/trust_region_minimizer.cc.o
[144/183] Building CXX object _deps/ceres-solver-build/internal/ceres/CMakeFiles/ceres_internal.dir/trust_region_step_evaluator.cc.o
[145/183] Building CXX object _deps/ceres-solver-build/internal/ceres/CMakeFiles/ceres_internal.dir/trust_region_preprocessor.cc.o
[146/183] Building CXX object _deps/ceres-solver-build/internal/ceres/CMakeFiles/ceres_internal.dir/trust_region_strategy.cc.o
[147/183] Building CXX object _deps/ceres-solver-build/internal/ceres/CMakeFiles/ceres_internal.dir/visibility.cc.o
[148/183] Building CXX object _deps/ceres-solver-build/internal/ceres/CMakeFiles/ceres_internal.dir/wall_time.cc.o
[149/183] Building CXX object _deps/ceres-solver-build/internal/ceres/CMakeFiles/ceres.dir/normal_prior.cc.o
[150/183] Building CXX object _deps/ceres-solver-build/internal/ceres/CMakeFiles/ceres_internal.dir/visibility_based_preconditioner.cc.o
[151/183] Building CXX object _deps/ceres-solver-build/internal/ceres/CMakeFiles/ceres.dir/loss_function.cc.o
[152/183] Building CXX object _deps/ceres-solver-build/internal/ceres/CMakeFiles/ceres.dir/manifold.cc.o
[153/183] Building CXX object _deps/ceres-solver-build/internal/ceres/CMakeFiles/ceres.dir/gradient_problem.cc.o
[154/183] Building CXX object _deps/ceres-solver-build/internal/ceres/CMakeFiles/ceres.dir/c_api.cc.o
[155/183] Building CXX object _deps/ceres-solver-build/internal/ceres/CMakeFiles/ceres.dir/gradient_checker.cc.o
[156/183] Building CXX object _deps/ceres-solver-build/internal/ceres/CMakeFiles/ceres.dir/problem.cc.o
[157/183] Building CXX object _deps/ceres-solver-build/internal/ceres/CMakeFiles/ceres.dir/types.cc.o
[158/183] Building CXX object _deps/ceres-solver-build/internal/ceres/CMakeFiles/ceres.dir/miniglog/glog/logging.cc.o
[159/183] Building CXX object _deps/ceres-solver-build/internal/ceres/CMakeFiles/ceres.dir/solver.cc.o
[160/183] Linking CXX static library _deps/ceres-solver-build/lib/libceres.a
[161/183] Linking CXX static library libpose_local_parameterization.a
[162/183] Linking CXX static library libmarginalization_factor.a
[163/183] Linking CXX static library libprojection_factor.a
[164/183] Linking CXX static library libperspective_factor.a
[165/183] Linking CXX static library liboptimizer.a
[166/183] Linking CXX static library libpnp_frontend.a
[167/183] Linking CXX static library libfailure_detector.a
[168/183] Linking CXX static library libinitializer.a
[169/183] Linking CXX static library libgpl.a
[170/183] Linking CXX static library libcamera_models.a
[171/183] Linking CXX static library libfeature_tracker.a
[172/183] Linking CXX static library libestimator.a
[173/183] Linking CXX static library libvio_engine.a
[174/183] Building CXX object _deps/googletest-build/googletest/CMakeFiles/gtest_main.dir/src/gtest_main.cc.o
[175/183] Building CXX object _deps/googletest-build/googletest/CMakeFiles/gtest.dir/src/gtest-all.cc.o
[176/183] Linking CXX static library lib/libgtest.a
[177/183] Linking CXX static library lib/libgtest_main.a
[178/183] Linking CXX executable test_integration_base
[179/183] Linking CXX executable test_sliding_window
[180/183] Linking CXX executable test_config_validation
[181/183] Linking CXX executable test_trajectory_evaluator
[182/183] Linking CXX executable test_measurement_robustness
[183/183] Linking CXX executable test_vio_engine_parity
Test project /home/park-ubuntu/park/SOLUTION/Mobile-SLAM/build/dev-native
    Start 1: IntegrationBaseTest
    Start 2: SlidingWindowTest
1/6 Test #1: IntegrationBaseTest ..............   Passed    0.00 sec
    Start 3: TrajectoryEvaluatorTest
2/6 Test #2: SlidingWindowTest ................   Passed    0.00 sec
    Start 4: ConfigValidationTest
3/6 Test #4: ConfigValidationTest .............   Passed    0.00 sec
    Start 5: MeasurementRobustnessTest
4/6 Test #3: TrajectoryEvaluatorTest ..........   Passed    0.01 sec
    Start 6: VIOEngineParityTest
5/6 Test #5: MeasurementRobustnessTest ........   Passed    0.06 sec
6/6 Test #6: VIOEngineParityTest ..............***Failed    0.12 sec
[==========] Running 3 tests from 1 test suite.
[----------] Global test environment set-up.
[----------] 3 tests from VIOParityTest
[ RUN      ] VIOParityTest.BothProduceTrajectories
/home/park-ubuntu/park/SOLUTION/Mobile-SLAM/tests/test_vio_engine_parity.cpp:120: Failure
Value of: std::ifstream(DATASET_PATH + "/mav0/cam0/data.csv").good()
  Actual: false
Expected: true
TUM VI dataset not found at: ./assets/datasets/tum/dataset-room1_512_16

[  FAILED  ] VIOParityTest.BothProduceTrajectories (0 ms)
[ RUN      ] VIOParityTest.TrajectoryComparison
/home/park-ubuntu/park/SOLUTION/Mobile-SLAM/tests/test_vio_engine_parity.cpp:120: Failure
Value of: std::ifstream(DATASET_PATH + "/mav0/cam0/data.csv").good()
  Actual: false
Expected: true
TUM VI dataset not found at: ./assets/datasets/tum/dataset-room1_512_16

[  FAILED  ] VIOParityTest.TrajectoryComparison (0 ms)
[ RUN      ] VIOParityTest.VIOEngineSanity
/home/park-ubuntu/park/SOLUTION/Mobile-SLAM/tests/test_vio_engine_parity.cpp:120: Failure
Value of: std::ifstream(DATASET_PATH + "/mav0/cam0/data.csv").good()
  Actual: false
Expected: true
TUM VI dataset not found at: ./assets/datasets/tum/dataset-room1_512_16

[  FAILED  ] VIOParityTest.VIOEngineSanity (0 ms)
[----------] 3 tests from VIOParityTest (0 ms total)

[----------] Global test environment tear-down
[==========] 3 tests from 1 test suite ran. (0 ms total)
[  PASSED  ] 0 tests.
[  FAILED  ] 3 tests, listed below:
[  FAILED  ] VIOParityTest.BothProduceTrajectories
[  FAILED  ] VIOParityTest.TrajectoryComparison
[  FAILED  ] VIOParityTest.VIOEngineSanity

 3 FAILED TESTS


83% tests passed, 1 tests failed out of 6

Total Test time (real) =   0.13 sec

The following tests FAILED:
	  6 - VIOEngineParityTest (Failed)
Errors while running CTest
